com/cloudhubs/trainticket/delivery/entity/User$UserBuilder.class
com/cloudhubs/trainticket/delivery/entity/StationFoodStore.class
com/cloudhubs/trainticket/delivery/entity/Type.class
com/cloudhubs/trainticket/delivery/entity/Order.class
com/cloudhubs/trainticket/delivery/repository/InsidePaymentRepository.class
com/cloudhubs/trainticket/delivery/entity/TripId.class
com/cloudhubs/trainticket/delivery/init/TrainFoodInitData.class
com/cloudhubs/trainticket/delivery/entity/SeatClass.class
com/cloudhubs/trainticket/delivery/entity/PaymentInfo.class
com/cloudhubs/trainticket/delivery/service/impl/InsidePaymentServiceImpl.class
com/cloudhubs/trainticket/delivery/entity/InsidePaymentMoney.class
com/cloudhubs/trainticket/delivery/service/impl/ServiceResolverImpl.class
com/cloudhubs/trainticket/delivery/service/impl/InsidePaymentServiceImpl$1.class
com/cloudhubs/trainticket/delivery/util/Response.class
com/cloudhubs/trainticket/delivery/controller/InsidePaymentController.class
com/cloudhubs/trainticket/delivery/util/StringUtils.class
com/cloudhubs/trainticket/delivery/entity/OrderStatus.class
com/cloudhubs/trainticket/delivery/entity/DeliveryInfo.class
com/cloudhubs/trainticket/delivery/service/TrainFoodService.class
com/cloudhubs/trainticket/delivery/service/impl/AdminUserServiceImpl$1.class
com/cloudhubs/trainticket/delivery/entity/Payment.class
com/cloudhubs/trainticket/delivery/repository/TrainFoodRepository.class
com/cloudhubs/trainticket/delivery/entity/Food.class
com/cloudhubs/trainticket/delivery/entity/MoneyType.class
com/cloudhubs/trainticket/delivery/entity/InsidePayment.class
com/cloudhubs/trainticket/delivery/controller/AdminUserController.class
com/cloudhubs/trainticket/delivery/dto/UserDto.class
com/cloudhubs/trainticket/delivery/entity/User.class
com/cloudhubs/trainticket/delivery/entity/TrainFood.class
com/cloudhubs/trainticket/delivery/entity/Account.class
com/cloudhubs/trainticket/delivery/entity/TripOrderInfo.class
com/cloudhubs/trainticket/delivery/entity/Money.class
com/cloudhubs/trainticket/delivery/entity/AccountInfo.class
com/cloudhubs/trainticket/delivery/service/impl/TrainFoodServiceImpl.class
com/cloudhubs/trainticket/delivery/entity/SeatInfo.class
com/cloudhubs/trainticket/delivery/service/ServiceResolver.class
com/cloudhubs/trainticket/delivery/service/AdminUserService.class
com/cloudhubs/trainticket/delivery/controller/TrainFoodController.class
com/cloudhubs/trainticket/delivery/entity/Gender.class
com/cloudhubs/trainticket/delivery/entity/DocumentType.class
com/cloudhubs/trainticket/delivery/entity/Balance.class
com/cloudhubs/trainticket/delivery/repository/InsidePaymentAddMoneyRepository.class
com/cloudhubs/trainticket/delivery/service/impl/AdminUserServiceImpl.class
com/cloudhubs/trainticket/delivery/dto/UserDto$UserDtoBuilder.class
com/cloudhubs/trainticket/delivery/entity/PaymentType.class
com/cloudhubs/trainticket/delivery/service/impl/AdminUserServiceImpl$2.class
com/cloudhubs/trainticket/delivery/service/InsidePaymentService.class
com/cloudhubs/trainticket/delivery/util/HeadersUtils.class
