/project/src/main/java/com/cloudhubs/trainticket/delivery/entity/Account.java
/project/src/main/java/com/cloudhubs/trainticket/delivery/entity/SeatInfo.java
/project/src/main/java/com/cloudhubs/trainticket/delivery/entity/User.java
/project/src/main/java/com/cloudhubs/trainticket/delivery/dto/UserDto.java
/project/src/main/java/com/cloudhubs/trainticket/delivery/util/Response.java
/project/src/main/java/com/cloudhubs/trainticket/delivery/controller/InsidePaymentController.java
/project/src/main/java/com/cloudhubs/trainticket/delivery/repository/InsidePaymentRepository.java
/project/src/main/java/com/cloudhubs/trainticket/delivery/entity/PaymentInfo.java
/project/src/main/java/com/cloudhubs/trainticket/delivery/entity/Food.java
/project/src/main/java/com/cloudhubs/trainticket/delivery/service/AdminUserService.java
/project/src/main/java/com/cloudhubs/trainticket/delivery/entity/DocumentType.java
/project/src/main/java/com/cloudhubs/trainticket/delivery/entity/SeatClass.java
/project/src/main/java/com/cloudhubs/trainticket/delivery/repository/InsidePaymentAddMoneyRepository.java
/project/src/main/java/com/cloudhubs/trainticket/delivery/entity/Money.java
/project/src/main/java/com/cloudhubs/trainticket/delivery/entity/InsidePayment.java
/project/src/main/java/com/cloudhubs/trainticket/delivery/entity/PaymentType.java
/project/src/main/java/com/cloudhubs/trainticket/delivery/entity/Payment.java
/project/src/main/java/com/cloudhubs/trainticket/delivery/entity/TripOrderInfo.java
/project/src/main/java/com/cloudhubs/trainticket/delivery/service/TrainFoodService.java
/project/src/main/java/com/cloudhubs/trainticket/delivery/entity/AccountInfo.java
/project/src/main/java/com/cloudhubs/trainticket/delivery/repository/TrainFoodRepository.java
/project/src/main/java/com/cloudhubs/trainticket/delivery/entity/InsidePaymentMoney.java
/project/src/main/java/com/cloudhubs/trainticket/delivery/init/TrainFoodInitData.java
/project/src/main/java/com/cloudhubs/trainticket/delivery/entity/StationFoodStore.java
/project/src/main/java/com/cloudhubs/trainticket/delivery/service/impl/ServiceResolverImpl.java
/project/src/main/java/com/cloudhubs/trainticket/delivery/service/impl/TrainFoodServiceImpl.java
/project/src/main/java/com/cloudhubs/trainticket/delivery/controller/AdminUserController.java
/project/src/main/java/com/cloudhubs/trainticket/delivery/entity/MoneyType.java
/project/src/main/java/com/cloudhubs/trainticket/delivery/service/impl/InsidePaymentServiceImpl.java
/project/src/main/java/com/cloudhubs/trainticket/delivery/service/impl/AdminUserServiceImpl.java
/project/src/main/java/com/cloudhubs/trainticket/delivery/util/StringUtils.java
/project/src/main/java/com/cloudhubs/trainticket/delivery/entity/Balance.java
/project/src/main/java/com/cloudhubs/trainticket/delivery/entity/TrainFood.java
/project/src/main/java/com/cloudhubs/trainticket/delivery/entity/TripId.java
/project/src/main/java/com/cloudhubs/trainticket/delivery/entity/DeliveryInfo.java
/project/src/main/java/com/cloudhubs/trainticket/delivery/service/ServiceResolver.java
/project/src/main/java/com/cloudhubs/trainticket/delivery/util/HeadersUtils.java
/project/src/main/java/com/cloudhubs/trainticket/delivery/entity/Gender.java
/project/src/main/java/com/cloudhubs/trainticket/delivery/service/InsidePaymentService.java
/project/src/main/java/com/cloudhubs/trainticket/delivery/entity/Type.java
/project/src/main/java/com/cloudhubs/trainticket/delivery/controller/TrainFoodController.java
/project/src/main/java/com/cloudhubs/trainticket/delivery/entity/Order.java
/project/src/main/java/com/cloudhubs/trainticket/delivery/entity/OrderStatus.java
